// Jest Snapshot v1, https://goo.gl/fbAQLP

exports[`Async template is created 1`] = `
"
hello world

this is a test script for slim"
`;

exports[`Missing value does not cause issues 1`] = `
"
hello 

this is a test script for "
`;
