// Jest Snapshot v1, https://goo.gl/fbAQLP

exports[`Template is created 1`] = `
"
hello world

this is a test script for slim"
`;
